2NDGRVzxKGJbo4oDZt3cA2zrZg5sKi5CyVY
cRGvTQWTa2o4hTxpCpyRBFp9Vex8SGf1UU2ygZCDnt2KhTCtRscn
<class 'bitcoin.wallet.P2SHBitcoinAddress'>
