bcrt1qpwuwkumak48wjhwhknm4h8g0eydvx508q8vyu0
cSdWv9wwJK8bwyqivvqB3uY3dfSFtUA5SHY94iugFnVDKczpoPLJ
<class 'bitcointx.wallet.P2WPKHBitcoinAddress'>
