bcrt1qvq9edgsatq773ckx94e0asy6pm2wyqzepvutfal5nze9q5snw3ms3muzat
cRMcq5UHdGwWyxs7hJ4u9DdWPGmoNDHXEjNJv76a14PiFqSPcvzk
<class 'bitcoin.wallet.P2WSHBitcoinAddress'>
