muZpTpBYhxmRFuCjLc7C6BBDF32C8XVJUi
cVDJUtDjdaM25yNVVDLLX3hcHUfth4c7tY3rSc4hy9e8ibtCuj6G
<class 'bitcointx.wallet.P2PKHBitcoinAddress'>
